Case #1: white
Case #2: black
Case #3: white
Case #4: black
Case #5: black
Case #6: black
Case #7: black
Case #8: white
Case #9: white
Case #10: black
Case #11: white
Case #12: black
Case #13: black
Case #14: white
Case #15: white
Case #16: white
Case #17: black
Case #18: white
Case #19: white
Case #20: white
Case #21: black
Case #22: white
Case #23: white
Case #24: black
Case #25: black
Case #26: black
Case #27: white
Case #28: white
Case #29: white
Case #30: white
Case #31: white
Case #32: black
Case #33: white
Case #34: black
Case #35: white
Case #36: white
Case #37: black
Case #38: black
Case #39: white
Case #40: black
Case #41: black
Case #42: white
Case #43: black
Case #44: black
Case #45: white
Case #46: white
Case #47: white
Case #48: black
Case #49: black
Case #50: white
Case #51: black
Case #52: white
Case #53: black
Case #54: white
Case #55: black
Case #56: white
Case #57: white
Case #58: white
Case #59: white
Case #60: white
Case #61: white
Case #62: black
Case #63: white
Case #64: white
Case #65: white
Case #66: white
Case #67: white
Case #68: black
Case #69: white
Case #70: black
Case #71: white
Case #72: white
Case #73: white
Case #74: white
Case #75: black
Case #76: black
Case #77: black
Case #78: white
Case #79: black
Case #80: black
Case #81: white
Case #82: black
Case #83: white
Case #84: white
Case #85: white
Case #86: white
Case #87: black
Case #88: black
Case #89: white
Case #90: black
Case #91: black
Case #92: white
Case #93: white
Case #94: white
Case #95: black
Case #96: black
Case #97: black
Case #98: black
Case #99: black
Case #100: white
Case #101: black
Case #102: black
Case #103: white
Case #104: black
Case #105: white
Case #106: white
Case #107: white
Case #108: white
Case #109: white
Case #110: white
Case #111: white
Case #112: black
Case #113: white
Case #114: black
Case #115: white
Case #116: black
Case #117: black
Case #118: black
Case #119: white
Case #120: white
Case #121: white
Case #122: black
Case #123: white
Case #124: white
Case #125: white
Case #126: white
Case #127: black
Case #128: black
Case #129: black
Case #130: white
Case #131: white
Case #132: white
Case #133: black
Case #134: white
Case #135: black
Case #136: white
Case #137: black
Case #138: white
Case #139: black
Case #140: white
Case #141: white
Case #142: white
Case #143: black
Case #144: white
Case #145: black
Case #146: black
Case #147: white
Case #148: black
Case #149: white
Case #150: black
Case #151: white
Case #152: white
Case #153: black
Case #154: white
Case #155: white
Case #156: black
Case #157: black
Case #158: black
Case #159: white
Case #160: white
Case #161: white
Case #162: white
Case #163: white
Case #164: black
Case #165: white
Case #166: white
Case #167: black
Case #168: white
Case #169: white
Case #170: black
Case #171: black
Case #172: white
Case #173: black
Case #174: white
Case #175: white
Case #176: white
Case #177: white
Case #178: white
Case #179: white
Case #180: black
Case #181: white
Case #182: black
Case #183: black
Case #184: white
Case #185: white
Case #186: white
Case #187: white
Case #188: black
Case #189: white
Case #190: white
Case #191: black
Case #192: black
Case #193: black
Case #194: white
Case #195: black
Case #196: black
Case #197: white
Case #198: black
Case #199: white
Case #200: white
Case #201: white
Case #202: white
Case #203: white
Case #204: white
Case #205: white
Case #206: black
Case #207: white
Case #208: black
Case #209: black
Case #210: white
Case #211: white
Case #212: white
Case #213: white
Case #214: black
Case #215: white
Case #216: black
Case #217: black
Case #218: black
Case #219: black
Case #220: black
Case #221: white
Case #222: black
Case #223: black
Case #224: black
Case #225: white
Case #226: white
Case #227: white
Case #228: white
Case #229: white
Case #230: black
Case #231: white
Case #232: white
Case #233: black
Case #234: black
Case #235: white
Case #236: white
Case #237: white
Case #238: black
Case #239: black
Case #240: black
Case #241: white
Case #242: black
Case #243: black
Case #244: black
Case #245: black
Case #246: white
Case #247: white
Case #248: white
Case #249: white
Case #250: black
Case #251: white
Case #252: black
Case #253: white
Case #254: black
Case #255: white
Case #256: black
Case #257: white
Case #258: white
Case #259: white
Case #260: white
Case #261: white
Case #262: black
Case #263: white
Case #264: white
Case #265: black
Case #266: black
Case #267: white
Case #268: white
Case #269: white
Case #270: black
Case #271: white
Case #272: white
Case #273: white
Case #274: white
Case #275: black
Case #276: white
Case #277: black
Case #278: white
Case #279: white
Case #280: black
Case #281: white
Case #282: black
Case #283: white
Case #284: white
Case #285: white
Case #286: black
Case #287: white
Case #288: black
Case #289: black
Case #290: white
Case #291: white
Case #292: white
Case #293: black
Case #294: black
Case #295: black
Case #296: white
Case #297: white
Case #298: black
Case #299: black
Case #300: white
Case #301: white
Case #302: white
Case #303: black
Case #304: white
Case #305: white
Case #306: white
Case #307: black
Case #308: white
Case #309: white
Case #310: white
Case #311: black
Case #312: white
Case #313: black
Case #314: black
Case #315: black
Case #316: black
Case #317: black
Case #318: white
Case #319: black
Case #320: white
Case #321: black
Case #322: white
Case #323: white
Case #324: white
Case #325: white
Case #326: black
Case #327: black
Case #328: white
Case #329: white
Case #330: black
Case #331: black
Case #332: black
Case #333: black
Case #334: black
Case #335: white
Case #336: white
Case #337: black
Case #338: black
Case #339: white
Case #340: black
Case #341: white
Case #342: white
Case #343: white
Case #344: white
Case #345: white
Case #346: white
Case #347: black
Case #348: black
Case #349: white
Case #350: white
Case #351: white
Case #352: black
Case #353: black
Case #354: white
Case #355: black
Case #356: white
Case #357: white
Case #358: white
Case #359: white
Case #360: white
Case #361: black
Case #362: black
Case #363: white
Case #364: black
Case #365: black
Case #366: black
Case #367: white
Case #368: white
Case #369: black
Case #370: black
Case #371: white
Case #372: white
Case #373: black
Case #374: white
Case #375: white
Case #376: black
Case #377: white
Case #378: white
Case #379: white
Case #380: white
Case #381: black
Case #382: black
Case #383: black
Case #384: black
Case #385: black
Case #386: black
Case #387: black
Case #388: black
Case #389: black
Case #390: black
Case #391: black
Case #392: black
Case #393: white
Case #394: white
Case #395: black
Case #396: white
Case #397: white
Case #398: white
Case #399: white
Case #400: black
Case #401: white
Case #402: white
Case #403: white
Case #404: white
Case #405: black
Case #406: white
Case #407: black
Case #408: white
Case #409: white
Case #410: white
Case #411: white
Case #412: black
Case #413: white
Case #414: white
Case #415: black
Case #416: white
Case #417: white
Case #418: white
Case #419: black
Case #420: black
Case #421: white
Case #422: black
Case #423: white
Case #424: white
Case #425: white
Case #426: black
Case #427: black
Case #428: black
Case #429: white
Case #430: white
Case #431: white
Case #432: white
Case #433: white
Case #434: white
Case #435: white
Case #436: white
Case #437: black
Case #438: white
Case #439: black
Case #440: black
Case #441: white
Case #442: black
Case #443: white
Case #444: black
Case #445: white
Case #446: white
Case #447: white
Case #448: black
Case #449: white
Case #450: black
Case #451: white
Case #452: black
Case #453: white
Case #454: black
Case #455: white
Case #456: white
Case #457: black
Case #458: white
Case #459: white
Case #460: black
Case #461: black
Case #462: black
Case #463: black
Case #464: white
Case #465: black
Case #466: white
Case #467: white
Case #468: black
Case #469: black
Case #470: black
Case #471: black
Case #472: white
Case #473: black
Case #474: black
Case #475: black
Case #476: black
Case #477: black
Case #478: white
Case #479: white
Case #480: white
Case #481: white
Case #482: white
Case #483: white
Case #484: white
Case #485: black
Case #486: black
Case #487: white
Case #488: white
Case #489: white
Case #490: white
Case #491: black
Case #492: white
Case #493: white
Case #494: white
Case #495: white
Case #496: white
Case #497: black
Case #498: white
Case #499: black
Case #500: white
Case #501: white
Case #502: black
Case #503: black
Case #504: white
Case #505: black
Case #506: white
Case #507: white
Case #508: white
Case #509: black
Case #510: white
Case #511: black
Case #512: white
Case #513: black
Case #514: black
Case #515: white
Case #516: white
Case #517: white
Case #518: black
Case #519: black
Case #520: black
Case #521: white
Case #522: white
Case #523: black
Case #524: white
Case #525: white
Case #526: black
Case #527: white
Case #528: white
Case #529: black
Case #530: white
Case #531: white
Case #532: white
Case #533: black
Case #534: black
Case #535: white
Case #536: white
Case #537: white
Case #538: black
Case #539: white
Case #540: white
Case #541: white
Case #542: black
Case #543: black
Case #544: white
Case #545: white
Case #546: white
Case #547: white
Case #548: white
Case #549: black
Case #550: white
Case #551: black
Case #552: white
Case #553: white
Case #554: black
Case #555: black
Case #556: black
Case #557: white
Case #558: black
Case #559: white
Case #560: white
Case #561: black
Case #562: black
Case #563: white
Case #564: white
Case #565: black
Case #566: black
Case #567: white
Case #568: black
Case #569: black
Case #570: black
Case #571: white
Case #572: black
Case #573: black
Case #574: black
Case #575: white
Case #576: black
Case #577: white
Case #578: black
Case #579: white
Case #580: black
Case #581: white
Case #582: black
Case #583: black
Case #584: white
Case #585: black
Case #586: white
Case #587: white
Case #588: white
Case #589: black
Case #590: white
Case #591: black
Case #592: white
Case #593: white
Case #594: white
Case #595: white
Case #596: black
Case #597: white
Case #598: white
Case #599: black
Case #600: white
Case #601: white
Case #602: white
Case #603: black
Case #604: black
Case #605: white
Case #606: white
Case #607: black
Case #608: black
Case #609: white
Case #610: white
Case #611: white
Case #612: white
Case #613: black
Case #614: white
Case #615: white
Case #616: white
Case #617: white
Case #618: white
Case #619: black
Case #620: white
Case #621: white
Case #622: black
Case #623: white
Case #624: white
Case #625: white
Case #626: white
Case #627: white
Case #628: white
Case #629: white
Case #630: white
Case #631: white
Case #632: white
Case #633: white
Case #634: white
Case #635: white
Case #636: white
Case #637: white
Case #638: black
Case #639: white
Case #640: white
Case #641: white
Case #642: white
Case #643: white
Case #644: black
Case #645: black
Case #646: white
Case #647: white
Case #648: white
Case #649: black
Case #650: white
Case #651: black
Case #652: black
Case #653: white
Case #654: black
Case #655: black
Case #656: white
Case #657: black
Case #658: black
Case #659: black
Case #660: white
Case #661: white
Case #662: black
Case #663: white
Case #664: black
Case #665: black
Case #666: black
Case #667: white
Case #668: white
Case #669: black
Case #670: white
Case #671: white
Case #672: white
Case #673: white
Case #674: white
Case #675: white
Case #676: black
Case #677: black
Case #678: white
Case #679: white
Case #680: black
Case #681: white
Case #682: white
Case #683: black
Case #684: white
Case #685: white
Case #686: black
Case #687: black
Case #688: white
Case #689: black
Case #690: white
Case #691: black
Case #692: black
Case #693: black
Case #694: black
Case #695: black
Case #696: white
Case #697: white
Case #698: white
Case #699: black
Case #700: white
Case #701: white
Case #702: black
Case #703: black
Case #704: white
Case #705: black
Case #706: white
Case #707: black
Case #708: white
Case #709: white
Case #710: white
Case #711: white
Case #712: white
Case #713: white
Case #714: black
Case #715: white
Case #716: white
Case #717: white
Case #718: white
Case #719: white
Case #720: black
Case #721: white
Case #722: black
Case #723: white
Case #724: white
Case #725: white
Case #726: white
Case #727: black
Case #728: white
Case #729: white
Case #730: white
Case #731: black
Case #732: white
Case #733: black
Case #734: black
Case #735: black
Case #736: white
Case #737: black
Case #738: white
Case #739: black
Case #740: black
Case #741: white
Case #742: white
Case #743: white
Case #744: white
Case #745: white
Case #746: white
Case #747: white
Case #748: black
Case #749: white
Case #750: white
Case #751: black
Case #752: black
Case #753: black
Case #754: white
Case #755: white
Case #756: white
Case #757: white
Case #758: black
Case #759: white
Case #760: white
Case #761: white
Case #762: white
Case #763: black
Case #764: white
Case #765: black
Case #766: white
Case #767: white
Case #768: white
Case #769: white
Case #770: white
Case #771: black
Case #772: white
Case #773: white
Case #774: white
Case #775: white
Case #776: black
Case #777: white
Case #778: black
Case #779: white
Case #780: white
Case #781: white
Case #782: white
Case #783: white
Case #784: black
Case #785: white
Case #786: white
Case #787: black
Case #788: black
Case #789: white
Case #790: black
Case #791: white
Case #792: black
Case #793: black
Case #794: white
Case #795: black
Case #796: black
Case #797: white
Case #798: black
Case #799: white
Case #800: black
Case #801: black
Case #802: white
Case #803: white
Case #804: white
Case #805: white
Case #806: black
Case #807: white
Case #808: white
Case #809: black
Case #810: white
Case #811: black
Case #812: white
Case #813: white
Case #814: black
Case #815: black
Case #816: white
Case #817: white
Case #818: black
Case #819: white
Case #820: white
Case #821: white
Case #822: white
Case #823: white
Case #824: black
Case #825: white
Case #826: white
Case #827: black
Case #828: white
Case #829: white
Case #830: white
Case #831: white
Case #832: white
Case #833: white
Case #834: white
Case #835: black
Case #836: black
Case #837: black
Case #838: white
Case #839: white
Case #840: white
Case #841: white
Case #842: black
Case #843: white
Case #844: black
Case #845: white
Case #846: white
Case #847: white
Case #848: white
Case #849: white
Case #850: black
Case #851: white
Case #852: white
Case #853: black
Case #854: white
Case #855: white
Case #856: white
Case #857: white
Case #858: black
Case #859: black
Case #860: white
Case #861: white
Case #862: white
Case #863: black
Case #864: white
Case #865: white
Case #866: white
Case #867: white
Case #868: white
Case #869: white
Case #870: white
Case #871: white
Case #872: black
Case #873: white
Case #874: black
Case #875: white
Case #876: white
Case #877: white
Case #878: black
Case #879: white
Case #880: white
Case #881: white
Case #882: black
Case #883: white
Case #884: white
Case #885: white
Case #886: black
Case #887: white
Case #888: black
Case #889: white
Case #890: black
Case #891: white
Case #892: black
Case #893: black
Case #894: white
Case #895: white
Case #896: black
Case #897: white
Case #898: white
Case #899: black
Case #900: white
Case #901: white
Case #902: white
Case #903: white
Case #904: white
Case #905: black
Case #906: black
Case #907: black
Case #908: white
Case #909: white
Case #910: black
Case #911: white
Case #912: black
Case #913: black
Case #914: black
Case #915: white
Case #916: black
Case #917: black
Case #918: white
Case #919: white
Case #920: white
Case #921: white
Case #922: white
Case #923: white
Case #924: white
Case #925: black
Case #926: black
Case #927: black
Case #928: white
Case #929: white
Case #930: black
Case #931: white
Case #932: white
Case #933: white
Case #934: white
Case #935: black
Case #936: white
Case #937: white
Case #938: white
Case #939: white
Case #940: white
Case #941: black
Case #942: black
Case #943: white
Case #944: black
Case #945: white
Case #946: white
Case #947: white
Case #948: white
Case #949: black
Case #950: black
Case #951: white
Case #952: white
Case #953: white
Case #954: black
Case #955: black
Case #956: black
Case #957: black
Case #958: black
Case #959: black
Case #960: black
Case #961: black
Case #962: black
Case #963: black
Case #964: white
Case #965: black
Case #966: white
Case #967: white
Case #968: white
Case #969: black
Case #970: black
Case #971: white
Case #972: white
Case #973: black
Case #974: white
Case #975: black
Case #976: black
Case #977: white
Case #978: black
Case #979: black
Case #980: black
Case #981: white
Case #982: black
Case #983: black
Case #984: white
Case #985: white
Case #986: white
Case #987: black
Case #988: white
Case #989: white
Case #990: white
Case #991: white
Case #992: black
Case #993: black
Case #994: white
Case #995: white
Case #996: white
Case #997: black
Case #998: white
Case #999: white
Case #1000: white
