a
o
a
f
f
a
t
a
z
t
a
g
a
t
a
a
z
c
f
t
a
q
f
a
a
a
g
a
g
g
a
t
z
a
g
a
f
a
t
a
f
f
c
t
t
a
f
a
f
q
a
t
a
f
z
z
t
q
g
f
a
t
f
a
t
a
a
g
c
g
f
z
f
t
a
t
a
a
t
p
a
a
p
a
t
a
t
a
z
t
c
p
c
t
t
t
c
p
a
p
f
t
f
a
g
c
c
a
p
t
f
a
g
f
a
t
a
p
a
a
z
f
a
a
g
z
f
t
f
a
c
o
a
p
f
g
z
t
t
a
a
c
p
a
g
f
g
g
a
a
g
z
f
c
a
a
f
t
g
t
a
z
t
f
a
c
g
q
a
f
f
a
t
a
f
g
c
f
a
c
f
c
g
t
a
f
z
g
z
t
t
f
p
a
f
c
g
a
p
t
a
z
z
f
p
t
a
a
g
a
a
f
p
g
g
t
a
c
t
t
c
z
a
g
t
t
g
c
f
c
a
p
t
a
t
z
a
a
t
a
c
c
a
g
a
t
f
t
a
g
g
a
t
a
a
a
a
a
c
f
a
f
a
g
g
t
z
a
t
t
f
a
g
f
c
t
a
t
g
a
t
t
a
a
z
f
z
t
a
f
g
g
a
z
f
g
z
t
a
t
q
a
f
f
a
c
g
a
t
t
z
q
a
a
a
a
a
f
t
f
t
a
p
t
g
t
z
f
f
g
t
g
g
p
g
a
a
t
c
a
f
a
t
t
a
f
a
t
f
g
z
a
a
g
g
t
z
g
t
g
g
t
a
f
z
f
f
g
c
t
c
a
t
q
a
p
z
a
z
f
f
a
a
c
a
g
t
a
z
c
a
g
a
g
g
a
g
f
a
g
c
a
a
o
g
a
a
a
c
a
t
a
a
g
f
t
t
g
g
t
a
f
a
f
f
f
a
a
t
c
a
g
f
a
f
c
f
t
a
c
g
t
g
a
t
c
a
z
a
a
a
a
a
t
f
t
g
g
t
a
t
g
a
g
p
t
z
a
t
a
a
a
t
q
g
a
t
z
a
t
c
f
g
a
c
z
a
a
a
a
a
g
z
a
g
a
g
a
a
z
f
o
a
g
t
c
t
a
t
a
c
t
f
g
f
f
a
t
a
c
g
c
t
f
a
a
a
z
t
z
p
g
o
a
g
a
g
g
f
p
g
t
t
z
a
z
t
a
p
a
a
p
a
z
a
q
a
c
g
c
t
t
t
z
t
p
a
a
f
a
t
a
t
t
t
a
t
g
t
a
g
f
t
t
g
z
f
o
c
c
t
a
a
z
t
f
f
f
a
p
a
a
a
t
p
g
a
t
g
g
a
f
f
z
f
c
f
f
q
a
g
g
a
a
g
g
f
z
t
a
f
a
t
a
f
a
a
t
a
z
a
a
t
g
g
g
g
z
z
a
t
f
t
a
f
f
a
a
a
g
a
g
a
a
q
a
f
a
g
t
q
p
p
p
p
z
z
p
f
t
q
a
f
a
a
a
t
a
f
g
f
f
g
f
g
c
z
g
t
a
f
t
a
q
a
t
a
p
t
f
f
a
c
c
a
a
g
a
a
f
a
g
p
g
g
f
g
a
t
a
t
t
t
p
g
p
a
q
c
t
a
a
z
a
a
t
a
a
a
g
a
a
g
g
g
t
z
c
a
t
g
q
z
a
p
o
a
f
t
t
c
a
a
f
t
f
t
t
f
a
a
a
g
c
g
c
t
t
a
p
a
f
t
t
a
t
z
t
t
t
a
a
t
f
g
g
t
a
t
t
c
t
f
z
c
z
a
a
a
p
a
t
a
f
a
t
a
t
p
a
a
a
t
a
f
z
a
t
a
g
t
c
a
f
f
c
t
a
t
g
f
g
a
a
t
z
t
z
t
a
c
a
t
p
f
p
a
a
g
a
t
a
a
t
f
a
t
c
t
t
a
z
t
f
t
a
f
f
f
a
c
a
a
t
f
a
g
p
a
t
z
f
p
t
a
a
q
a
g
t
a
a
z
f
g
a
q
a
g
g
g
t
a
a
a
g
t
q
a
t
t
a
p
a
z
t
t
f
t
a
a
a
a
g
p
f
g
p
g
f
a
g
c
t
f
a
f
f
q
t
a
a
p
a
t
c
t
c
c
p
g
g
z
z
p
a
z
t
z
c
c
a
z
t
z
z
f
f
t
g
f
t
a
g
a
t
z
a
f
c
