(ananas, pineapple)
(artischocken, artichoke)
(champignons, mushrooms)
(kaese, cheese)
(kaese, ham)
(kaese, tomatoes)
(oliven, artichoke)
(salami, peppers)
(salami, salami)
(spinat, peppers)
(spinat, salami)
(thunfisch, peppers)
(thunfisch, salami)
(tomaten, cheese)
(tomaten, ham)
(tomaten, tomatoes)

(champignons, cheese)
(champignons, mushrooms)
(champignons, tomatoes)
(kaese, cheese)
(kaese, mushrooms)
(kaese, tomatoes)
(tomaten, cheese)
(tomaten, mushrooms)
(tomaten, tomatoes)
